// Jest Snapshot v1, https://goo.gl/fbAQLP

exports[`matches snapshot for Rockets component 1`] = `
<DocumentFragment>
  <div
    class="rockets-container"
  >
    <div
      class="rocket-left"
    >
      <img
        alt="Rocket 1"
        class="rocket-image"
        src="rocket1.jpg"
      />
      <div
        class="rocket-details"
      >
        <h2
          class="rocket-name"
        >
          Rocket 1
        </h2>
        <p
          class="rocket-desc"
        >
           
          <span
            class="reserved-badge"
          >
            Reserved
          </span>
          Description 1
        </p>
        <button
          class="rocket-btn cancel"
          data-testid="cancel-reservation-button-1"
          type="button"
        >
          Cancel Reservation
        </button>
      </div>
    </div>
    <div
      class="rocket-left"
    >
      <img
        alt="Rocket 2"
        class="rocket-image"
        src="rocket2.jpg"
      />
      <div
        class="rocket-details"
      >
        <h2
          class="rocket-name"
        >
          Rocket 2
        </h2>
        <p
          class="rocket-desc"
        >
          Description 2
        </p>
        <button
          class="rocket-btn"
          data-testid="reserve-button-2"
          type="button"
        >
          Reserve Rocket
        </button>
      </div>
    </div>
  </div>
</DocumentFragment>
`;
